Archive member included because of file (symbol)

.\CortexM3\ARM_GCC_493\Debug\Design01.a(cyfitter_cfg.o)
                              .\CortexM3\ARM_GCC_493\Debug\Cm3Start.o (cyfitter_cfg)
.\CortexM3\ARM_GCC_493\Debug\Design01.a(CyLib.o)
                              .\CortexM3\ARM_GCC_493\Debug\Cm3Start.o (CyHalt)
.\CortexM3\ARM_GCC_493\Debug\Design01.a(cyPm.o)
                              .\CortexM3\ARM_GCC_493\Debug\Design01.a(CyLib.o) (CyPmReadStatus)
.\CortexM3\ARM_GCC_493\Debug\Design01.a(LOG.o)
                              .\CortexM3\ARM_GCC_493\Debug\main.o (LOG_Start)
.\CortexM3\ARM_GCC_493\Debug\Design01.a(LOG_IntClock.o)
                              .\CortexM3\ARM_GCC_493\Debug\Design01.a(LOG.o) (LOG_IntClock_Start)
.\CortexM3\ARM_GCC_493\Debug\Design01.a(WIFIdev_Channel.o)
                              .\CortexM3\ARM_GCC_493\Debug\ESP8266.o (WIFIdev_Channel_Start)
.\CortexM3\ARM_GCC_493\Debug\Design01.a(WIFIdev_Channel_INT.o)
                              .\CortexM3\ARM_GCC_493\Debug\Design01.a(WIFIdev_Channel.o) (WIFIdev_Channel_RXISR)
.\CortexM3\ARM_GCC_493\Debug\Design01.a(WIFIdev_Channel_IntClock.o)
                              .\CortexM3\ARM_GCC_493\Debug\Design01.a(WIFIdev_Channel.o) (WIFIdev_Channel_IntClock_Start)
.\CortexM3\ARM_GCC_493\Debug\Design01.a(WIFIdev_Channel_RxISR.o)
                              .\CortexM3\ARM_GCC_493\Debug\ESP8266.o (WIFIdev_Channel_RxISR_Enable)
.\CortexM3\ARM_GCC_493\Debug\Design01.a(CyBootAsmGnu.o)
                              .\CortexM3\ARM_GCC_493\Debug\Design01.a(cyfitter_cfg.o) (CyDelayCycles)
.\CortexM3\ARM_GCC_493\Debug\Design01.a(CyFlash.o)
                              .\CortexM3\ARM_GCC_493\Debug\Design01.a(cyPm.o) (CyFlash_SetWaitCycles)
.\CortexM3\ARM_GCC_493\Debug\Design01.a(CySpc.o)
                              .\CortexM3\ARM_GCC_493\Debug\Design01.a(CyFlash.o) (CySpcStart)
c:/program files (x86)/cypress/psoc creator/4.0/psoc creator/import/gnu/arm/4.9.3/bin/../lib/gcc/arm-none-eabi/4.9.3/../../../../arm-none-eabi/lib/armv7-m\libg_nano.a(lib_a-errno.o)
                              .\CortexM3\ARM_GCC_493\Debug\Cm3Start.o (__errno)
c:/program files (x86)/cypress/psoc creator/4.0/psoc creator/import/gnu/arm/4.9.3/bin/../lib/gcc/arm-none-eabi/4.9.3/../../../../arm-none-eabi/lib/armv7-m\libg_nano.a(lib_a-exit.o)
                              c:/program files (x86)/cypress/psoc creator/4.0/psoc creator/import/gnu/arm/4.9.3/bin/../lib/gcc/arm-none-eabi/4.9.3/../../../../arm-none-eabi/lib/armv7-m/crt0.o (exit)
c:/program files (x86)/cypress/psoc creator/4.0/psoc creator/import/gnu/arm/4.9.3/bin/../lib/gcc/arm-none-eabi/4.9.3/../../../../arm-none-eabi/lib/armv7-m\libg_nano.a(lib_a-impure.o)
                              c:/program files (x86)/cypress/psoc creator/4.0/psoc creator/import/gnu/arm/4.9.3/bin/../lib/gcc/arm-none-eabi/4.9.3/../../../../arm-none-eabi/lib/armv7-m\libg_nano.a(lib_a-exit.o) (_global_impure_ptr)
c:/program files (x86)/cypress/psoc creator/4.0/psoc creator/import/gnu/arm/4.9.3/bin/../lib/gcc/arm-none-eabi/4.9.3/../../../../arm-none-eabi/lib/armv7-m\libg_nano.a(lib_a-init.o)
                              c:/program files (x86)/cypress/psoc creator/4.0/psoc creator/import/gnu/arm/4.9.3/bin/../lib/gcc/arm-none-eabi/4.9.3/../../../../arm-none-eabi/lib/armv7-m/crt0.o (__libc_init_array)
c:/program files (x86)/cypress/psoc creator/4.0/psoc creator/import/gnu/arm/4.9.3/bin/../lib/gcc/arm-none-eabi/4.9.3/../../../../arm-none-eabi/lib/armv7-m\libg_nano.a(lib_a-memcpy.o)
                              .\CortexM3\ARM_GCC_493\Debug\Design01.a(cyfitter_cfg.o) (memcpy)
c:/program files (x86)/cypress/psoc creator/4.0/psoc creator/import/gnu/arm/4.9.3/bin/../lib/gcc/arm-none-eabi/4.9.3/../../../../arm-none-eabi/lib/armv7-m\libg_nano.a(lib_a-memset.o)
                              c:/program files (x86)/cypress/psoc creator/4.0/psoc creator/import/gnu/arm/4.9.3/bin/../lib/gcc/arm-none-eabi/4.9.3/../../../../arm-none-eabi/lib/armv7-m/crt0.o (memset)
c:/program files (x86)/cypress/psoc creator/4.0/psoc creator/import/gnu/arm/4.9.3/bin/../lib/gcc/arm-none-eabi/4.9.3/../../../../arm-none-eabi/lib/armv7-m\libg_nano.a(lib_a-sprintf.o)
                              .\CortexM3\ARM_GCC_493\Debug\ESP8266.o (sprintf)
c:/program files (x86)/cypress/psoc creator/4.0/psoc creator/import/gnu/arm/4.9.3/bin/../lib/gcc/arm-none-eabi/4.9.3/../../../../arm-none-eabi/lib/armv7-m\libg_nano.a(lib_a-strlen.o)
                              .\CortexM3\ARM_GCC_493\Debug\ESP8266.o (strlen)
c:/program files (x86)/cypress/psoc creator/4.0/psoc creator/import/gnu/arm/4.9.3/bin/../lib/gcc/arm-none-eabi/4.9.3/../../../../arm-none-eabi/lib/armv7-m\libg_nano.a(lib_a-strncmp.o)
                              .\CortexM3\ARM_GCC_493\Debug\ESP8266.o (strncmp)
[...]
Memory Configuration

Name             Origin             Length             Attributes
rom              0x00000000         0x00040000         xr
ram              0x1fff8000         0x00010000         xrw
*default*        0x00000000         0xffffffff

Linker script and memory map

LOAD c:/program files (x86)/cypress/psoc creator/4.0/psoc creator/import/gnu/arm/4.9.3/bin/../lib/gcc/arm-none-eabi/4.9.3/armv7-m/crti.o
LOAD c:/program files (x86)/cypress/psoc creator/4.0/psoc creator/import/gnu/arm/4.9.3/bin/../lib/gcc/arm-none-eabi/4.9.3/armv7-m/crtbegin.o
LOAD c:/program files (x86)/cypress/psoc creator/4.0/psoc creator/import/gnu/arm/4.9.3/bin/../lib/gcc/arm-none-eabi/4.9.3/../../../../arm-none-eabi/lib/armv7-m/crt0.o
START GROUP
LOAD .\CortexM3\ARM_GCC_493\Debug\main.o
LOAD .\CortexM3\ARM_GCC_493\Debug\ESP8266.o
LOAD .\CortexM3\ARM_GCC_493\Debug\cymetadata.o
LOAD .\CortexM3\ARM_GCC_493\Debug\Cm3Start.o
LOAD .\CortexM3\ARM_GCC_493\Debug\Design01.a
LOAD C:\Program Files (x86)\Cypress\PSoC Creator\4.0\PSoC Creator\psoc\content\cycomponentlibrary\CyComponentLibrary.cylib\CortexM3\ARM_GCC_493\Debug\CyComponentLibrary.a
END GROUP
START GROUP
LOAD c:/program files (x86)/cypress/psoc creator/4.0/psoc creator/import/gnu/arm/4.9.3/bin/../lib/gcc/arm-none-eabi/4.9.3/armv7-m\libgcc.a
LOAD c:/program files (x86)/cypress/psoc creator/4.0/psoc creator/import/gnu/arm/4.9.3/bin/../lib/gcc/arm-none-eabi/4.9.3/../../../../arm-none-eabi/lib/armv7-m\libg_nano.a
LOAD c:/program files (x86)/cypress/psoc creator/4.0/psoc creator/import/gnu/arm/4.9.3/bin/../lib/gcc/arm-none-eabi/4.9.3/../../../../arm-none-eabi/lib/armv7-m\libc_nano.a
END GROUP
START GROUP
LOAD c:/program files (x86)/cypress/psoc creator/4.0/psoc creator/import/gnu/arm/4.9.3/bin/../lib/gcc/arm-none-eabi/4.9.3/armv7-m\libgcc.a
LOAD c:/program files (x86)/cypress/psoc creator/4.0/psoc creator/import/gnu/arm/4.9.3/bin/../lib/gcc/arm-none-eabi/4.9.3/../../../../arm-none-eabi/lib/armv7-m\libc_nano.a
END GROUP
LOAD c:/program files (x86)/cypress/psoc creator/4.0/psoc creator/import/gnu/arm/4.9.3/bin/../lib/gcc/arm-none-eabi/4.9.3/armv7-m/crtend.o
LOAD c:/program files (x86)/cypress/psoc creator/4.0/psoc creator/import/gnu/arm/4.9.3/bin/../lib/gcc/arm-none-eabi/4.9.3/armv7-m/crtn.o
START GROUP
LOAD c:/program files (x86)/cypress/psoc creator/4.0/psoc creator/import/gnu/arm/4.9.3/bin/../lib/gcc/arm-none-eabi/4.9.3/armv7-m\libgcc.a
LOAD c:/program files (x86)/cypress/psoc creator/4.0/psoc creator/import/gnu/arm/4.9.3/bin/../lib/gcc/arm-none-eabi/4.9.3/../../../../arm-none-eabi/lib/armv7-m\libc.a
LOAD c:/program files (x86)/cypress/psoc creator/4.0/psoc creator/import/gnu/arm/4.9.3/bin/../lib/gcc/arm-none-eabi/4.9.3/../../../../arm-none-eabi/lib/armv7-m\libnosys.a
END GROUP
                0x00000000                CY_APPL_ORIGIN = 0x0
                0x00000100                CY_FLASH_ROW_SIZE = 0x100
                0x00000020                CY_ECC_ROW_SIZE = 0x20
                0x00000000                CY_EE_IN_BTLDR = 0x0
                0x00000000                CY_APPL_LOADABLE = 0x0
                0x00000800                CY_EE_SIZE = 0x800
                0x00000001                CY_APPL_NUM = 0x1
                0x00000001                CY_APPL_MAX = 0x1
                0x00000040                CY_METADATA_SIZE = 0x40
                0x00000000                CY_APPL_LOADABLE = 0x0
                0x00000000                CY_CHECKSUM_EXCLUDE_SIZE = ALIGN (0x0, CY_FLASH_ROW_SIZE)
                0x1fff89e8                PROVIDE (__cy_heap_start, _end)
                0x00000001                PROVIDE (__cy_region_num, ((__cy_regions_end - __cy_regions) / 0x10))
                0x20008000                PROVIDE (__cy_stack, (ORIGIN (ram) + 0x10000))
                0x20007800                PROVIDE (__cy_heap_end, (__cy_stack - 0x800))

.cybootloader   0x00000000        0x0
 *(.cybootloader)
                0x00000000                appl1_start = CY_APPL_ORIGIN?CY_APPL_ORIGIN:ALIGN (CY_FLASH_ROW_SIZE)
                0x0001ff00                appl2_start = (appl1_start + ALIGN ((((0x40000 - appl1_start) - (0x2 * CY_FLASH_ROW_SIZE)) / 0x2), CY_FLASH_ROW_SIZE))
                0x00000000                appl_start = (CY_APPL_NUM == 0x1)?appl1_start:appl2_start
                0x00000000                ecc_offset = ((appl_start / CY_FLASH_ROW_SIZE) * CY_ECC_ROW_SIZE)
                0x00000000                ee_offset = (CY_APPL_LOADABLE && ! (CY_EE_IN_BTLDR))?((CY_EE_SIZE / CY_APPL_MAX) * (CY_APPL_NUM - 0x1)):0x0
                0x00000800                ee_size = (CY_APPL_LOADABLE && ! (CY_EE_IN_BTLDR))?(CY_EE_SIZE / CY_APPL_MAX):CY_EE_SIZE
                0x00000000                PROVIDE (CY_ECC_OFFSET, ecc_offset)

.text           0x00000000     0x16ac
 CREATE_OBJECT_SYMBOLS
                0x00000000                PROVIDE (__cy_interrupt_vector, RomVectors)
 *(.romvectors)
 .romvectors    0x00000000       0x10 .\CortexM3\ARM_GCC_493\Debug\Cm3Start.o
                0x00000000                RomVectors
                0x00000001                ASSERT ((. != __cy_interrupt_vector), No interrupt vector)
                0x00000001                ASSERT (CY_APPL_ORIGIN?(SIZEOF (.cybootloader) <= CY_APPL_ORIGIN):0x1, Wrong image location)
                0x00000010                PROVIDE (__cy_reset, Reset)
 *(.text.Reset)
 .text.Reset    0x00000010       0x18 .\CortexM3\ARM_GCC_493\Debug\Cm3Start.o
                0x00000010                Reset
                0x00000001                ASSERT ((. != __cy_reset), No reset code)
 *(.dma_init)
                0x00000001                ASSERT ((((appl_start + .) <= 0x10000) || 0x1), DMA Init must be within the first 64k of flash)
 *(.text .text.* .gnu.linkonce.t.*)
 .text          0x00000028       0x5c c:/program files (x86)/cypress/psoc creator/4.0/psoc creator/import/gnu/arm/4.9.3/bin/../lib/gcc/arm-none-eabi/4.9.3/armv7-m/crtbegin.o
 .text.main     0x00000084       0xa4 .\CortexM3\ARM_GCC_493\Debug\main.o
                0x00000084                main
 .text.ESP8266_Request
                0x00000128        0xc .\CortexM3\ARM_GCC_493\Debug\ESP8266.o
 .text.ESP8266_Read_Response
                0x00000134       0x8c .\CortexM3\ARM_GCC_493\Debug\ESP8266.o
 .text.ESP8266_Check_Response
                0x000001c0       0x50 .\CortexM3\ARM_GCC_493\Debug\ESP8266.o
 .text.ESP8266_Await_Response
                0x00000210       0x70 .\CortexM3\ARM_GCC_493\Debug\ESP8266.o
 .text.ESP8266_SendData
                0x00000280        0xc .\CortexM3\ARM_GCC_493\Debug\ESP8266.o
 .text.ESP8266_Init
                0x0000028c      0x32c .\CortexM3\ARM_GCC_493\Debug\ESP8266.o
                0x0000028c                ESP8266_Init
 .text.ESP8266_Send
                0x000005b8       0x84 .\CortexM3\ARM_GCC_493\Debug\ESP8266.o
                0x000005b8                ESP8266_Send
 .text.IntDefaultHandler
                0x0000063c       0x10 .\CortexM3\ARM_GCC_493\Debug\Cm3Start.o
                0x0000063c                IntDefaultHandler
 .text._sbrk    0x0000064c       0x30 .\CortexM3\ARM_GCC_493\Debug\Cm3Start.o
                0x0000064c                _sbrk
 .text.Start_c  0x0000067c       0x4c .\CortexM3\ARM_GCC_493\Debug\Cm3Start.o
                0x0000067c                Start_c
 .text.initialize_psoc
                0x000006c8       0x74 .\CortexM3\ARM_GCC_493\Debug\Cm3Start.o
                0x000006c8                initialize_psoc
 .text.CyClockStartupError
                0x0000073c        0x4 .\CortexM3\ARM_GCC_493\Debug\Design01.a(cyfitter_cfg.o)
 .text.cfg_write_bytes32
                0x00000740       0x34 .\CortexM3\ARM_GCC_493\Debug\Design01.a(cyfitter_cfg.o)
 .text.AnalogSetDefault
                0x00000774       0x28 .\CortexM3\ARM_GCC_493\Debug\Design01.a(cyfitter_cfg.o)
 .text.CYMEMZERO
                0x0000079c        0xc .\CortexM3\ARM_GCC_493\Debug\Design01.a(cyfitter_cfg.o)
 .text.ClockSetup
                0x000007a8       0xd0 .\CortexM3\ARM_GCC_493\Debug\Design01.a(cyfitter_cfg.o)
 .text.CYCONFIGCPY
                0x00000878        0x8 .\CortexM3\ARM_GCC_493\Debug\Design01.a(cyfitter_cfg.o)
 .text.cyfitter_cfg
                0x00000880      0x100 .\CortexM3\ARM_GCC_493\Debug\Design01.a(cyfitter_cfg.o)
                0x00000880                cyfitter_cfg
 .text.CyHalt   0x00000980        0x4 .\CortexM3\ARM_GCC_493\Debug\Design01.a(CyLib.o)
                0x00000980                CyHalt
 .text.CyDelay  0x00000984       0x2c .\CortexM3\ARM_GCC_493\Debug\Design01.a(CyLib.o)
                0x00000984                CyDelay
 .text.CyIntSetVector
                0x000009b0       0x28 .\CortexM3\ARM_GCC_493\Debug\Design01.a(CyLib.o)
                0x000009b0                CyIntSetVector
 .text.CyIntSetPriority
                0x000009d8       0x30 .\CortexM3\ARM_GCC_493\Debug\Design01.a(CyLib.o)
                0x000009d8                CyIntSetPriority
 .text.LOG_Init
                0x00000a08       0x1c .\CortexM3\ARM_GCC_493\Debug\Design01.a(LOG.o)
                0x00000a08                LOG_Init
 .text.LOG_Enable
                0x00000a24       0x24 .\CortexM3\ARM_GCC_493\Debug\Design01.a(LOG.o)
                0x00000a24                LOG_Enable
 .text.LOG_Start
                0x00000a48       0x1c .\CortexM3\ARM_GCC_493\Debug\Design01.a(LOG.o)
                0x00000a48                LOG_Start
 .text.LOG_PutChar
                0x00000a64       0x18 .\CortexM3\ARM_GCC_493\Debug\Design01.a(LOG.o)
                0x00000a64                LOG_PutChar
 .text.LOG_PutString
                0x00000a7c       0x24 .\CortexM3\ARM_GCC_493\Debug\Design01.a(LOG.o)
                0x00000a7c                LOG_PutString
 .text.LOG_ClearTxBuffer
                0x00000aa0       0x24 .\CortexM3\ARM_GCC_493\Debug\Design01.a(LOG.o)
                0x00000aa0                LOG_ClearTxBuffer
 .text.LOG_IntClock_Start
                0x00000ac4       0x1c .\CortexM3\ARM_GCC_493\Debug\Design01.a(LOG_IntClock.o)
                0x00000ac4                LOG_IntClock_Start
 .text.WIFIdev_Channel_Init
                0x00000ae0       0x44 .\CortexM3\ARM_GCC_493\Debug\Design01.a(WIFIdev_Channel.o)
                0x00000ae0                WIFIdev_Channel_Init
 .text.WIFIdev_Channel_Enable
                0x00000b24       0x44 .\CortexM3\ARM_GCC_493\Debug\Design01.a(WIFIdev_Channel.o)
                0x00000b24                WIFIdev_Channel_Enable
 .text.WIFIdev_Channel_Start
                0x00000b68       0x1c .\CortexM3\ARM_GCC_493\Debug\Design01.a(WIFIdev_Channel.o)
                0x00000b68                WIFIdev_Channel_Start
 .text.WIFIdev_Channel_ClearRxBuffer
                0x00000b84       0x44 .\CortexM3\ARM_GCC_493\Debug\Design01.a(WIFIdev_Channel.o)
                0x00000b84                WIFIdev_Channel_ClearRxBuffer
 .text.WIFIdev_Channel_PutChar
                0x00000bc8       0x18 .\CortexM3\ARM_GCC_493\Debug\Design01.a(WIFIdev_Channel.o)
                0x00000bc8                WIFIdev_Channel_PutChar
 .text.WIFIdev_Channel_PutString
                0x00000be0       0x24 .\CortexM3\ARM_GCC_493\Debug\Design01.a(WIFIdev_Channel.o)
                0x00000be0                WIFIdev_Channel_PutString
 .text.WIFIdev_Channel_PutArray
                0x00000c04       0x28 .\CortexM3\ARM_GCC_493\Debug\Design01.a(WIFIdev_Channel.o)
                0x00000c04                WIFIdev_Channel_PutArray
 .text.WIFIdev_Channel_ClearTxBuffer
                0x00000c2c       0x24 .\CortexM3\ARM_GCC_493\Debug\Design01.a(WIFIdev_Channel.o)
                0x00000c2c                WIFIdev_Channel_ClearTxBuffer
 .text.WIFIdev_Channel_RXISR
                0x00000c50       0x94 .\CortexM3\ARM_GCC_493\Debug\Design01.a(WIFIdev_Channel_INT.o)
                0x00000c50                WIFIdev_Channel_RXISR
 .text.WIFIdev_Channel_IntClock_Start
                0x00000ce4       0x1c .\CortexM3\ARM_GCC_493\Debug\Design01.a(WIFIdev_Channel_IntClock.o)
                0x00000ce4                WIFIdev_Channel_IntClock_Start
 .text.WIFIdev_Channel_RxISR_Interrupt
                0x00000d00       0x64 .\CortexM3\ARM_GCC_493\Debug\Design01.a(WIFIdev_Channel_RxISR.o)
                0x00000d00                WIFIdev_Channel_RxISR_Interrupt
 .text.WIFIdev_Channel_RxISR_SetVector
                0x00000d64        0xc .\CortexM3\ARM_GCC_493\Debug\Design01.a(WIFIdev_Channel_RxISR.o)
                0x00000d64                WIFIdev_Channel_RxISR_SetVector
 .text.WIFIdev_Channel_RxISR_SetPriority
                0x00000d70       0x10 .\CortexM3\ARM_GCC_493\Debug\Design01.a(WIFIdev_Channel_RxISR.o)
                0x00000d70                WIFIdev_Channel_RxISR_SetPriority
 .text.WIFIdev_Channel_RxISR_Enable
                0x00000d80        0xc .\CortexM3\ARM_GCC_493\Debug\Design01.a(WIFIdev_Channel_RxISR.o)
                0x00000d80                WIFIdev_Channel_RxISR_Enable
 .text.WIFIdev_Channel_RxISR_Disable
                0x00000d8c        0xc .\CortexM3\ARM_GCC_493\Debug\Design01.a(WIFIdev_Channel_RxISR.o)
                0x00000d8c                WIFIdev_Channel_RxISR_Disable
 .text.WIFIdev_Channel_RxISR_Start
                0x00000d98       0x1c .\CortexM3\ARM_GCC_493\Debug\Design01.a(WIFIdev_Channel_RxISR.o)
                0x00000d98                WIFIdev_Channel_RxISR_Start
 *fill*         0x00000db4        0x4 
 .text          0x00000db8       0x20 .\CortexM3\ARM_GCC_493\Debug\Design01.a(CyBootAsmGnu.o)
                0x00000db8                CyDelayCycles
                0x00000dc8                CyEnterCriticalSection
                0x00000dd0                CyExitCriticalSection
 .text.__errno  0x00000dd8        0xc c:/program files (x86)/cypress/psoc creator/4.0/psoc creator/import/gnu/arm/4.9.3/bin/../lib/gcc/arm-none-eabi/4.9.3/../../../../arm-none-eabi/lib/armv7-m\libg_nano.a(lib_a-errno.o)
                0x00000dd8                __errno
 .text.__libc_init_array
                0x00000de4       0x4c c:/program files (x86)/cypress/psoc creator/4.0/psoc creator/import/gnu/arm/4.9.3/bin/../lib/gcc/arm-none-eabi/4.9.3/../../../../arm-none-eabi/lib/armv7-m\libg_nano.a(lib_a-init.o)
                0x00000de4                __libc_init_array
 .text.memcpy   0x00000e30       0x16 c:/program files (x86)/cypress/psoc creator/4.0/psoc creator/import/gnu/arm/4.9.3/bin/../lib/gcc/arm-none-eabi/4.9.3/../../../../arm-none-eabi/lib/armv7-m\libg_nano.a(lib_a-memcpy.o)
                0x00000e30                memcpy
 .text.memset   0x00000e46       0x10 c:/program files (x86)/cypress/psoc creator/4.0/psoc creator/import/gnu/arm/4.9.3/bin/../lib/gcc/arm-none-eabi/4.9.3/../../../../arm-none-eabi/lib/armv7-m\libg_nano.a(lib_a-memset.o)
                0x00000e46                memset
 *fill*         0x00000e56        0x2 
 .text.sprintf  0x00000e58       0x48 c:/program files (x86)/cypress/psoc creator/4.0/psoc creator/import/gnu/arm/4.9.3/bin/../lib/gcc/arm-none-eabi/4.9.3/../../../../arm-none-eabi/lib/armv7-m\libg_nano.a(lib_a-sprintf.o)
                0x00000e58                siprintf
                0x00000e58                sprintf
 .text.strlen   0x00000ea0       0x10 c:/program files (x86)/cypress/psoc creator/4.0/psoc creator/import/gnu/arm/4.9.3/bin/../lib/gcc/arm-none-eabi/4.9.3/../../../../arm-none-eabi/lib/armv7-m\libg_nano.a(lib_a-strlen.o)
                0x00000ea0                strlen
 .text.strncmp  0x00000eb0       0x32 c:/program files (x86)/cypress/psoc creator/4.0/psoc creator/import/gnu/arm/4.9.3/bin/../lib/gcc/arm-none-eabi/4.9.3/../../../../arm-none-eabi/lib/armv7-m\libg_nano.a(lib_a-strncmp.o)
                0x00000eb0                strncmp
 .text.__ssputs_r
                0x00000ee2       0xb2 c:/program files (x86)/cypress/psoc creator/4.0/psoc creator/import/gnu/arm/4.9.3/bin/../lib/gcc/arm-none-eabi/4.9.3/../../../../arm-none-eabi/lib/armv7-m\libg_nano.a(lib_a-nano-svfprintf.o)
                0x00000ee2                __ssputs_r
 .text._svfprintf_r
                0x00000f94      0x1e4 c:/program files (x86)/cypress/psoc creator/4.0/psoc creator/import/gnu/arm/4.9.3/bin/../lib/gcc/arm-none-eabi/4.9.3/../../../../arm-none-eabi/lib/armv7-m\libg_nano.a(lib_a-nano-svfprintf.o)
                0x00000f94                _svfiprintf_r
                0x00000f94                _svfprintf_r
 .text._printf_common
                0x00001178       0xea c:/program files (x86)/cypress/psoc creator/4.0/psoc creator/import/gnu/arm/4.9.3/bin/../lib/gcc/arm-none-eabi/4.9.3/../../../../arm-none-eabi/lib/armv7-m\libg_nano.a(lib_a-nano-vfprintf_i.o)
                0x00001178                _printf_common
 *fill*         0x00001262        0x2 
 .text._printf_i
                0x00001264      0x240 c:/program files (x86)/cypress/psoc creator/4.0/psoc creator/import/gnu/arm/4.9.3/bin/../lib/gcc/arm-none-eabi/4.9.3/../../../../arm-none-eabi/lib/armv7-m\libg_nano.a(lib_a-nano-vfprintf_i.o)
                0x00001264                _printf_i
 .text.memchr   0x000014a4       0x1c c:/program files (x86)/cypress/psoc creator/4.0/psoc creator/import/gnu/arm/4.9.3/bin/../lib/gcc/arm-none-eabi/4.9.3/../../../../arm-none-eabi/lib/armv7-m\libg_nano.a(lib_a-memchr.o)
                0x000014a4                memchr
 .text.memmove  0x000014c0       0x36 c:/program files (x86)/cypress/psoc creator/4.0/psoc creator/import/gnu/arm/4.9.3/bin/../lib/gcc/arm-none-eabi/4.9.3/../../../../arm-none-eabi/lib/armv7-m\libg_nano.a(lib_a-memmove.o)
                0x000014c0                memmove
 *fill*         0x000014f6        0x2 
 .text._free_r  0x000014f8       0x88 c:/program files (x86)/cypress/psoc creator/4.0/psoc creator/import/gnu/arm/4.9.3/bin/../lib/gcc/arm-none-eabi/4.9.3/../../../../arm-none-eabi/lib/armv7-m\libg_nano.a(lib_a-nano-freer.o)
                0x000014f8                _free_r
 .text._malloc_r
                0x00001580       0xac c:/program files (x86)/cypress/psoc creator/4.0/psoc creator/import/gnu/arm/4.9.3/bin/../lib/gcc/arm-none-eabi/4.9.3/../../../../arm-none-eabi/lib/armv7-m\libg_nano.a(lib_a-nano-mallocr.o)
                0x00001580                _malloc_r
 .text._realloc_r
                0x0000162c       0x4c c:/program files (x86)/cypress/psoc creator/4.0/psoc creator/import/gnu/arm/4.9.3/bin/../lib/gcc/arm-none-eabi/4.9.3/../../../../arm-none-eabi/lib/armv7-m\libg_nano.a(lib_a-nano-reallocr.o)
                0x0000162c                _realloc_r
 .text._sbrk_r  0x00001678       0x20 c:/program files (x86)/cypress/psoc creator/4.0/psoc creator/import/gnu/arm/4.9.3/bin/../lib/gcc/arm-none-eabi/4.9.3/../../../../arm-none-eabi/lib/armv7-m\libg_nano.a(lib_a-sbrkr.o)
                0x00001678                _sbrk_r
 .text._malloc_usable_size_r
                0x00001698       0x14 c:/program files (x86)/cypress/psoc creator/4.0/psoc creator/import/gnu/arm/4.9.3/bin/../lib/gcc/arm-none-eabi/4.9.3/../../../../arm-none-eabi/lib/armv7-m\libg_nano.a(lib_a-nano-msizer.o)
                0x00001698                _malloc_usable_size_r
 *(.plt)
 *(.gnu.warning)
 *(.glue_7t)
 .glue_7t       0x00000000        0x0 linker stubs
 *(.glue_7)
 .glue_7        0x00000000        0x0 linker stubs
 *(.vfp11_veneer)
 .vfp11_veneer  0x00000000        0x0 linker stubs
 *(.bootloader)
 *(.ARM.extab* .gnu.linkonce.armextab.*)
 *(.gcc_except_table)

.v4_bx          0x000016ac        0x0
 .v4_bx         0x00000000        0x0 linker stubs

.iplt           0x000016ac        0x0
 .iplt          0x00000000        0x0 c:/program files (x86)/cypress/psoc creator/4.0/psoc creator/import/gnu/arm/4.9.3/bin/../lib/gcc/arm-none-eabi/4.9.3/armv7-m/crtbegin.o

.eh_frame_hdr
 *(.eh_frame_hdr)

.eh_frame       0x000016ac        0x4
 *(.eh_frame)
 .eh_frame      0x000016ac        0x0 c:/program files (x86)/cypress/psoc creator/4.0/psoc creator/import/gnu/arm/4.9.3/bin/../lib/gcc/arm-none-eabi/4.9.3/armv7-m/crtbegin.o
 .eh_frame      0x000016ac        0x4 c:/program files (x86)/cypress/psoc creator/4.0/psoc creator/import/gnu/arm/4.9.3/bin/../lib/gcc/arm-none-eabi/4.9.3/armv7-m/crtend.o
                0x000016b0                PROVIDE (__exidx_start, .)

.ARM.exidx
 *(.ARM.exidx* .gnu.linkonce.armexidx.*)
                0x000016b0                __exidx_end = .

.rodata         0x000016b0      0x390
 *(.rodata .rodata.* .gnu.linkonce.r.*)
 .rodata.str1.4
                0x000016b0       0x6b .\CortexM3\ARM_GCC_493\Debug\main.o
                                 0x6c (size before relaxing)
 *fill*         0x0000171b        0x1 
 .rodata.str1.4
                0x0000171c      0x25e .\CortexM3\ARM_GCC_493\Debug\ESP8266.o
                                0x268 (size before relaxing)
 *fill*         0x0000197a        0x2 
 .rodata        0x0000197c       0x30 .\CortexM3\ARM_GCC_493\Debug\Design01.a(cyfitter_cfg.o)
 .rodata.str1.4
                0x000019ac       0x24 .\CortexM3\ARM_GCC_493\Debug\Design01.a(WIFIdev_Channel_RxISR.o)
 .rodata.str1.1
                0x000019d0        0x2 c:/program files (x86)/cypress/psoc creator/4.0/psoc creator/import/gnu/arm/4.9.3/bin/../lib/gcc/arm-none-eabi/4.9.3/../../../../arm-none-eabi/lib/armv7-m\libg_nano.a(lib_a-impure.o)
 .rodata.str1.1
                0x000019d2       0x11 c:/program files (x86)/cypress/psoc creator/4.0/psoc creator/import/gnu/arm/4.9.3/bin/../lib/gcc/arm-none-eabi/4.9.3/../../../../arm-none-eabi/lib/armv7-m\libg_nano.a(lib_a-nano-svfprintf.o)
 .rodata.str1.1
                0x000019e3       0x22 c:/program files (x86)/cypress/psoc creator/4.0/psoc creator/import/gnu/arm/4.9.3/bin/../lib/gcc/arm-none-eabi/4.9.3/../../../../arm-none-eabi/lib/armv7-m\libg_nano.a(lib_a-nano-vfprintf_i.o)
                0x00001a08                . = ALIGN (0x4)
 *fill*         0x00001a05        0x3 
 *(.init)
 .init          0x00001a08        0x4 c:/program files (x86)/cypress/psoc creator/4.0/psoc creator/import/gnu/arm/4.9.3/bin/../lib/gcc/arm-none-eabi/4.9.3/armv7-m/crti.o
                0x00001a08                _init
 .init          0x00001a0c        0x8 c:/program files (x86)/cypress/psoc creator/4.0/psoc creator/import/gnu/arm/4.9.3/bin/../lib/gcc/arm-none-eabi/4.9.3/armv7-m/crtn.o
                0x00001a14                . = ALIGN (0x4)
                0x00001a14                __preinit_array_start = .
 *(.preinit_array)
                0x00001a14                __preinit_array_end = .
                0x00001a14                . = ALIGN (0x4)
                0x00001a14                __init_array_start = .
 *(SORT(.init_array.*))
 *(.init_array)
 .init_array    0x00001a14        0x4 c:/program files (x86)/cypress/psoc creator/4.0/psoc creator/import/gnu/arm/4.9.3/bin/../lib/gcc/arm-none-eabi/4.9.3/armv7-m/crtbegin.o
 .init_array    0x00001a18        0x4 .\CortexM3\ARM_GCC_493\Debug\Cm3Start.o
                0x00001a1c                __init_array_end = .
                0x00001a1c                . = ALIGN (0x4)
 *(.fini)
 .fini          0x00001a1c        0x4 c:/program files (x86)/cypress/psoc creator/4.0/psoc creator/import/gnu/arm/4.9.3/bin/../lib/gcc/arm-none-eabi/4.9.3/armv7-m/crti.o
                0x00001a1c                _fini
 .fini          0x00001a20        0x8 c:/program files (x86)/cypress/psoc creator/4.0/psoc creator/import/gnu/arm/4.9.3/bin/../lib/gcc/arm-none-eabi/4.9.3/armv7-m/crtn.o
                0x00001a28                . = ALIGN (0x4)
                0x00001a28                __fini_array_start = .
 *(.fini_array)
 .fini_array    0x00001a28        0x4 c:/program files (x86)/cypress/psoc creator/4.0/psoc creator/import/gnu/arm/4.9.3/bin/../lib/gcc/arm-none-eabi/4.9.3/armv7-m/crtbegin.o
 *(SORT(.fini_array.*))
                0x00001a2c                __fini_array_end = .
                0x00001a2c                . = ALIGN (0x4)
 *crtbegin.o(.ctors)
 *(EXCLUDE_FILE(*crtend.o) .ctors)
 *(SORT(.ctors.*))
 *crtend.o(.ctors)
                0x00001a2c                . = ALIGN (0x4)
 *crtbegin.o(.dtors)
 *(EXCLUDE_FILE(*crtend.o) .dtors)
 *(SORT(.dtors.*))
 *crtend.o(.dtors)
                0x00001a2c                . = ALIGN (0x4)
                0x00001a2c                __cy_regions = .
                0x00001a2c        0x4 LONG 0x1a40 __cy_region_init_ram
                0x00001a30        0x4 LONG 0x1fff8108 __cy_region_start_data
                0x00001a34        0x4 LONG 0x80 __cy_region_init_size_ram
                0x00001a38        0x4 LONG 0x860 __cy_region_zero_size_ram
                0x00001a3c                __cy_regions_end = .
                0x00001a40                . = ALIGN (0x8)
 *fill*         0x00001a3c        0x4 
                0x00001a40                _etext = .

.cy_checksum_exclude
                0x00001a40        0x0
 *(.cy_checksum_exclude)

.ramvectors     0x1fff8000      0x100
                0x1fff8000                __cy_region_start_ram = .
 *(.ramvectors)
 .ramvectors    0x1fff8000      0x100 .\CortexM3\ARM_GCC_493\Debug\Cm3Start.o
                0x1fff8000                CyRamVectors

.noinit         0x1fff8100        0x5
 *(.noinit)
 .noinit        0x1fff8100        0x4 .\CortexM3\ARM_GCC_493\Debug\Cm3Start.o
 .noinit        0x1fff8104        0x1 .\CortexM3\ARM_GCC_493\Debug\Design01.a(CyLib.o)
                0x1fff8104                CyResetStatus

.data           0x1fff8108       0x80 load address 0x00001a40
                0x1fff8108                __cy_region_start_data = .
 *(.jcr)
 .jcr           0x1fff8108        0x0 c:/program files (x86)/cypress/psoc creator/4.0/psoc creator/import/gnu/arm/4.9.3/bin/../lib/gcc/arm-none-eabi/4.9.3/armv7-m/crtbegin.o
 .jcr           0x1fff8108        0x4 c:/program files (x86)/cypress/psoc creator/4.0/psoc creator/import/gnu/arm/4.9.3/bin/../lib/gcc/arm-none-eabi/4.9.3/armv7-m/crtend.o
 *(.got.plt)
 *(.got)
 *(.shdata)
 *(.data .data.* .gnu.linkonce.d.*)
 .data          0x1fff810c        0x4 .\CortexM3\ARM_GCC_493\Debug\Cm3Start.o
 .data          0x1fff8110       0x10 .\CortexM3\ARM_GCC_493\Debug\Design01.a(CyLib.o)
                0x1fff8110                cydelay_32k_ms
                0x1fff8114                cydelay_freq_khz
                0x1fff8118                cydelay_freq_mhz
                0x1fff811c                cydelay_freq_hz
 .data.impure_data
                0x1fff8120       0x60 c:/program files (x86)/cypress/psoc creator/4.0/psoc creator/import/gnu/arm/4.9.3/bin/../lib/gcc/arm-none-eabi/4.9.3/../../../../arm-none-eabi/lib/armv7-m\libg_nano.a(lib_a-impure.o)
 .data._impure_ptr
                0x1fff8180        0x4 c:/program files (x86)/cypress/psoc creator/4.0/psoc creator/import/gnu/arm/4.9.3/bin/../lib/gcc/arm-none-eabi/4.9.3/../../../../arm-none-eabi/lib/armv7-m\libg_nano.a(lib_a-impure.o)
                0x1fff8180                _impure_ptr
                0x1fff8188                . = ALIGN (0x8)
 *fill*         0x1fff8184        0x4 
 *(.ram)
                0x1fff8188                _edata = .

.igot.plt       0x1fff8188        0x0 load address 0x00001ac0
 .igot.plt      0x00000000        0x0 c:/program files (x86)/cypress/psoc creator/4.0/psoc creator/import/gnu/arm/4.9.3/bin/../lib/gcc/arm-none-eabi/4.9.3/armv7-m/crtbegin.o

.bss            0x1fff8188      0x860 load address 0x00001ac0
                0x1fff8188                PROVIDE (__bss_start__, .)
 *(.shbss)
 *(.bss .bss.* .gnu.linkonce.b.*)
 .bss           0x1fff8188       0x1c c:/program files (x86)/cypress/psoc creator/4.0/psoc creator/import/gnu/arm/4.9.3/bin/../lib/gcc/arm-none-eabi/4.9.3/armv7-m/crtbegin.o
 .bss           0x1fff81a4      0x400 .\CortexM3\ARM_GCC_493\Debug\ESP8266.o
 .bss           0x1fff85a4        0x2 .\CortexM3\ARM_GCC_493\Debug\Design01.a(LOG.o)
                0x1fff85a4                LOG_initVar
 .bss           0x1fff85a6        0x7 .\CortexM3\ARM_GCC_493\Debug\Design01.a(WIFIdev_Channel.o)
                0x1fff85a6                WIFIdev_Channel_errorStatus
                0x1fff85a7                WIFIdev_Channel_initVar
                0x1fff85a8                WIFIdev_Channel_rxBufferRead
                0x1fff85a9                WIFIdev_Channel_rxBufferWrite
                0x1fff85aa                WIFIdev_Channel_rxBufferLoopDetect
                0x1fff85ab                WIFIdev_Channel_rxBufferOverflow
 *fill*         0x1fff85ad        0x3 
 .bss.__malloc_sbrk_start
                0x1fff85b0        0x4 c:/program files (x86)/cypress/psoc creator/4.0/psoc creator/import/gnu/arm/4.9.3/bin/../lib/gcc/arm-none-eabi/4.9.3/../../../../arm-none-eabi/lib/armv7-m\libg_nano.a(lib_a-nano-mallocr.o)
                0x1fff85b0                __malloc_sbrk_start
 .bss.__malloc_free_list
                0x1fff85b4        0x4 c:/program files (x86)/cypress/psoc creator/4.0/psoc creator/import/gnu/arm/4.9.3/bin/../lib/gcc/arm-none-eabi/4.9.3/../../../../arm-none-eabi/lib/armv7-m\libg_nano.a(lib_a-nano-mallocr.o)
                0x1fff85b4                __malloc_free_list
 *(COMMON)
 COMMON         0x1fff85b8      0x406 .\CortexM3\ARM_GCC_493\Debug\ESP8266.o
                0x1fff85b8                rx_buffer
 *fill*         0x1fff89be        0x2 
 COMMON         0x1fff89c0       0x20 .\CortexM3\ARM_GCC_493\Debug\Design01.a(WIFIdev_Channel.o)
                0x1fff89c0                WIFIdev_Channel_rxBuffer
 COMMON         0x1fff89e0        0x4 c:/program files (x86)/cypress/psoc creator/4.0/psoc creator/import/gnu/arm/4.9.3/bin/../lib/gcc/arm-none-eabi/4.9.3/../../../../arm-none-eabi/lib/armv7-m\libg_nano.a(lib_a-reent.o)
                0x1fff89e0                errno
                0x1fff89e8                . = ALIGN (0x8)
 *fill*         0x1fff89e4        0x4 
 *(.ram.b)
                0x1fff89e8                _end = .
                0x1fff89e8                __end = .
                0x1fff89e8                PROVIDE (end, .)
                0x1fff89e8                PROVIDE (__bss_end__, .)
                0x00001a40                __cy_region_init_ram = LOADADDR (.data)
                0x00000080                __cy_region_init_size_ram = (_edata - ADDR (.data))
                0x00000860                __cy_region_zero_size_ram = (_end - _edata)

.heap           0x1fff89e8       0x80 load address 0x00001ac0
                0x1fff89e8                . = _end
                0x1fff8a68                . = (. + 0x80)
 *fill*         0x1fff89e8       0x80 
                0x1fff8a68                __cy_heap_limit = .

.stack          0x20007800      0x800
                0x20007800                __cy_stack_limit = .
                0x20008000                . = (. + 0x800)
 *fill*         0x20007800      0x800 
                0x00000001                ASSERT ((__cy_stack_limit >= __cy_heap_limit), region RAM overflowed with stack)
                0x00000000                cy_checksum_exclude_size = (CY_APPL_LOADABLE == 0x1)?SIZEOF (.cy_checksum_exclude):0x0
                0x00000001                ASSERT ((cy_checksum_exclude_size <= CY_CHECKSUM_EXCLUDE_SIZE), CY_BOOT: Section .cy_checksum_exclude size exceedes specified limit.)

.cyloadermeta
 *(.cyloadermeta)

.cyloadablemeta
 *(.cyloadablemeta)

.cyconfigecc    0x80000000      0x490
 *(.cyconfigecc)
 .cyconfigecc   0x80000000      0x490 .\CortexM3\ARM_GCC_493\Debug\cymetadata.o
                0x80000000                cy_meta_configecc

.cycustnvl      0x90000000        0x4
 *(.cycustnvl)
 .cycustnvl     0x90000000        0x4 .\CortexM3\ARM_GCC_493\Debug\cymetadata.o
                0x90000000                cy_meta_custnvl

.cywolatch      0x90100000        0x4
 *(.cywolatch)
 .cywolatch     0x90100000        0x4 .\CortexM3\ARM_GCC_493\Debug\cymetadata.o
                0x90100000                cy_meta_wonvl

.cyeeprom       0x90200000        0x0
 *(.cyeeprom)
                0x00000001                ASSERT ((. <= ((0x90200000 + ee_offset) + ee_size)), .cyeeprom data will not fit in EEPROM)

.cyflashprotect
                0x90400000      0x100
 *(.cyflashprotect)
 .cyflashprotect
                0x90400000      0x100 .\CortexM3\ARM_GCC_493\Debug\cymetadata.o
                0x90400000                cy_meta_flashprotect

.cymeta         0x90500000        0xc
 *(.cymeta)
 .cymeta        0x90500000        0xc .\CortexM3\ARM_GCC_493\Debug\cymetadata.o
                0x90500000                cy_metadata

.rel.dyn        0x00001ac0        0x0 load address 0x9050000c
 .rel.iplt      0x00000000        0x0 c:/program files (x86)/cypress/psoc creator/4.0/psoc creator/import/gnu/arm/4.9.3/bin/../lib/gcc/arm-none-eabi/4.9.3/armv7-m/crtbegin.o

.stab
 *(.stab)

.stabstr
 *(.stabstr)

.debug
 *(.debug)

.line
 *(.line)

.debug_srcinfo
 *(.debug_srcinfo)

.debug_sfnames
 *(.debug_sfnames)

.debug_aranges  0x00000000      0x888
 *(.debug_aranges)
 .debug_aranges
                0x00000000       0x20 .\CortexM3\ARM_GCC_493\Debug\main.o
 .debug_aranges
                0x00000020       0x50 .\CortexM3\ARM_GCC_493\Debug\ESP8266.o
 .debug_aranges
                0x00000070       0x18 .\CortexM3\ARM_GCC_493\Debug\cymetadata.o
 .debug_aranges
                0x00000088       0x48 .\CortexM3\ARM_GCC_493\Debug\Cm3Start.o
 .debug_aranges
                0x000000d0       0x58 .\CortexM3\ARM_GCC_493\Debug\Design01.a(cyfitter_cfg.o)
 .debug_aranges
                0x00000128      0x2a0 .\CortexM3\ARM_GCC_493\Debug\Design01.a(CyLib.o)
 .debug_aranges
                0x000003c8       0x98 .\CortexM3\ARM_GCC_493\Debug\Design01.a(cyPm.o)
 .debug_aranges
                0x00000460       0xa0 .\CortexM3\ARM_GCC_493\Debug\Design01.a(LOG.o)
 .debug_aranges
                0x00000500       0x70 .\CortexM3\ARM_GCC_493\Debug\Design01.a(LOG_IntClock.o)
 .debug_aranges
                0x00000570       0xf0 .\CortexM3\ARM_GCC_493\Debug\Design01.a(WIFIdev_Channel.o)
 .debug_aranges
                0x00000660       0x20 .\CortexM3\ARM_GCC_493\Debug\Design01.a(WIFIdev_Channel_INT.o)
 .debug_aranges
                0x00000680       0x70 .\CortexM3\ARM_GCC_493\Debug\Design01.a(WIFIdev_Channel_IntClock.o)
 .debug_aranges
                0x000006f0       0x80 .\CortexM3\ARM_GCC_493\Debug\Design01.a(WIFIdev_Channel_RxISR.o)
 .debug_aranges
                0x00000770       0x20 .\CortexM3\ARM_GCC_493\Debug\Design01.a(CyBootAsmGnu.o)
 .debug_aranges
                0x00000790       0x80 .\CortexM3\ARM_GCC_493\Debug\Design01.a(CyFlash.o)
 .debug_aranges
                0x00000810       0x78 .\CortexM3\ARM_GCC_493\Debug\Design01.a(CySpc.o)

.debug_pubnames
 *(.debug_pubnames)

.debug_info     0x00000000     0x56ad
 *(.debug_info .gnu.linkonce.wi.*)
 .debug_info    0x00000000      0x282 .\CortexM3\ARM_GCC_493\Debug\main.o
 .debug_info    0x00000282      0xb2c .\CortexM3\ARM_GCC_493\Debug\ESP8266.o
 .debug_info    0x00000dae      0x13c .\CortexM3\ARM_GCC_493\Debug\cymetadata.o
 .debug_info    0x00000eea      0x3b3 .\CortexM3\ARM_GCC_493\Debug\Cm3Start.o
 .debug_info    0x0000129d      0x4f8 .\CortexM3\ARM_GCC_493\Debug\Design01.a(cyfitter_cfg.o)
 .debug_info    0x00001795     0x1385 .\CortexM3\ARM_GCC_493\Debug\Design01.a(CyLib.o)
 .debug_info    0x00002b1a      0xa57 .\CortexM3\ARM_GCC_493\Debug\Design01.a(cyPm.o)
 .debug_info    0x00003571      0x453 .\CortexM3\ARM_GCC_493\Debug\Design01.a(LOG.o)
 .debug_info    0x000039c4      0x283 .\CortexM3\ARM_GCC_493\Debug\Design01.a(LOG_IntClock.o)
 .debug_info    0x00003c47      0x751 .\CortexM3\ARM_GCC_493\Debug\Design01.a(WIFIdev_Channel.o)
 .debug_info    0x00004398      0x145 .\CortexM3\ARM_GCC_493\Debug\Design01.a(WIFIdev_Channel_INT.o)
 .debug_info    0x000044dd      0x283 .\CortexM3\ARM_GCC_493\Debug\Design01.a(WIFIdev_Channel_IntClock.o)
 .debug_info    0x00004760      0x3cc .\CortexM3\ARM_GCC_493\Debug\Design01.a(WIFIdev_Channel_RxISR.o)
 .debug_info    0x00004b2c       0x8f .\CortexM3\ARM_GCC_493\Debug\Design01.a(CyBootAsmGnu.o)
 .debug_info    0x00004bbb      0x608 .\CortexM3\ARM_GCC_493\Debug\Design01.a(CyFlash.o)
 .debug_info    0x000051c3      0x4ea .\CortexM3\ARM_GCC_493\Debug\Design01.a(CySpc.o)

.debug_abbrev   0x00000000     0x18a8
 *(.debug_abbrev)
 .debug_abbrev  0x00000000      0x13f .\CortexM3\ARM_GCC_493\Debug\main.o
 .debug_abbrev  0x0000013f      0x26a .\CortexM3\ARM_GCC_493\Debug\ESP8266.o
 .debug_abbrev  0x000003a9       0x77 .\CortexM3\ARM_GCC_493\Debug\cymetadata.o
 .debug_abbrev  0x00000420      0x1f7 .\CortexM3\ARM_GCC_493\Debug\Cm3Start.o
 .debug_abbrev  0x00000617      0x203 .\CortexM3\ARM_GCC_493\Debug\Design01.a(cyfitter_cfg.o)
 .debug_abbrev  0x0000081a      0x296 .\CortexM3\ARM_GCC_493\Debug\Design01.a(CyLib.o)
 .debug_abbrev  0x00000ab0      0x1ed .\CortexM3\ARM_GCC_493\Debug\Design01.a(cyPm.o)
 .debug_abbrev  0x00000c9d      0x1a2 .\CortexM3\ARM_GCC_493\Debug\Design01.a(LOG.o)
 .debug_abbrev  0x00000e3f      0x139 .\CortexM3\ARM_GCC_493\Debug\Design01.a(LOG_IntClock.o)
 .debug_abbrev  0x00000f78      0x1b8 .\CortexM3\ARM_GCC_493\Debug\Design01.a(WIFIdev_Channel.o)
 .debug_abbrev  0x00001130       0x8a .\CortexM3\ARM_GCC_493\Debug\Design01.a(WIFIdev_Channel_INT.o)
 .debug_abbrev  0x000011ba      0x139 .\CortexM3\ARM_GCC_493\Debug\Design01.a(WIFIdev_Channel_IntClock.o)
 .debug_abbrev  0x000012f3      0x1f3 .\CortexM3\ARM_GCC_493\Debug\Design01.a(WIFIdev_Channel_RxISR.o)
 .debug_abbrev  0x000014e6       0x14 .\CortexM3\ARM_GCC_493\Debug\Design01.a(CyBootAsmGnu.o)
 .debug_abbrev  0x000014fa      0x1ed .\CortexM3\ARM_GCC_493\Debug\Design01.a(CyFlash.o)
 .debug_abbrev  0x000016e7      0x1c1 .\CortexM3\ARM_GCC_493\Debug\Design01.a(CySpc.o)

.debug_line     0x00000000     0x24d7
 *(.debug_line)
 .debug_line    0x00000000      0x1d6 .\CortexM3\ARM_GCC_493\Debug\main.o
 .debug_line    0x000001d6      0x365 .\CortexM3\ARM_GCC_493\Debug\ESP8266.o
 .debug_line    0x0000053b       0x51 .\CortexM3\ARM_GCC_493\Debug\cymetadata.o
 .debug_line    0x0000058c      0x24f .\CortexM3\ARM_GCC_493\Debug\Cm3Start.o
 .debug_line    0x000007db      0x1e1 .\CortexM3\ARM_GCC_493\Debug\Design01.a(cyfitter_cfg.o)
 .debug_line    0x000009bc      0x816 .\CortexM3\ARM_GCC_493\Debug\Design01.a(CyLib.o)
 .debug_line    0x000011d2      0x364 .\CortexM3\ARM_GCC_493\Debug\Design01.a(cyPm.o)
 .debug_line    0x00001536      0x1ee .\CortexM3\ARM_GCC_493\Debug\Design01.a(LOG.o)
 .debug_line    0x00001724      0x17b .\CortexM3\ARM_GCC_493\Debug\Design01.a(LOG_IntClock.o)
 .debug_line    0x0000189f      0x318 .\CortexM3\ARM_GCC_493\Debug\Design01.a(WIFIdev_Channel.o)
 .debug_line    0x00001bb7       0x96 .\CortexM3\ARM_GCC_493\Debug\Design01.a(WIFIdev_Channel_INT.o)
 .debug_line    0x00001c4d      0x187 .\CortexM3\ARM_GCC_493\Debug\Design01.a(WIFIdev_Channel_IntClock.o)
 .debug_line    0x00001dd4      0x277 .\CortexM3\ARM_GCC_493\Debug\Design01.a(WIFIdev_Channel_RxISR.o)
 .debug_line    0x0000204b       0x66 .\CortexM3\ARM_GCC_493\Debug\Design01.a(CyBootAsmGnu.o)
 .debug_line    0x000020b1      0x1ea .\CortexM3\ARM_GCC_493\Debug\Design01.a(CyFlash.o)
 .debug_line    0x0000229b      0x23c .\CortexM3\ARM_GCC_493\Debug\Design01.a(CySpc.o)

.debug_frame    0x00000000     0x19d8
 *(.debug_frame)
 .debug_frame   0x00000000       0x34 .\CortexM3\ARM_GCC_493\Debug\main.o
 .debug_frame   0x00000034      0x138 .\CortexM3\ARM_GCC_493\Debug\ESP8266.o
 .debug_frame   0x0000016c       0xb8 .\CortexM3\ARM_GCC_493\Debug\Cm3Start.o
 .debug_frame   0x00000224       0xe4 .\CortexM3\ARM_GCC_493\Debug\Design01.a(cyfitter_cfg.o)
 .debug_frame   0x00000308      0x738 .\CortexM3\ARM_GCC_493\Debug\Design01.a(CyLib.o)
 .debug_frame   0x00000a40      0x1f8 .\CortexM3\ARM_GCC_493\Debug\Design01.a(cyPm.o)
 .debug_frame   0x00000c38      0x198 .\CortexM3\ARM_GCC_493\Debug\Design01.a(LOG.o)
 .debug_frame   0x00000dd0       0xe0 .\CortexM3\ARM_GCC_493\Debug\Design01.a(LOG_IntClock.o)
 .debug_frame   0x00000eb0      0x25c .\CortexM3\ARM_GCC_493\Debug\Design01.a(WIFIdev_Channel.o)
 .debug_frame   0x0000110c       0x20 .\CortexM3\ARM_GCC_493\Debug\Design01.a(WIFIdev_Channel_INT.o)
 .debug_frame   0x0000112c       0xe0 .\CortexM3\ARM_GCC_493\Debug\Design01.a(WIFIdev_Channel_IntClock.o)
 .debug_frame   0x0000120c      0x110 .\CortexM3\ARM_GCC_493\Debug\Design01.a(WIFIdev_Channel_RxISR.o)
 .debug_frame   0x0000131c      0x174 .\CortexM3\ARM_GCC_493\Debug\Design01.a(CyFlash.o)
 .debug_frame   0x00001490      0x160 .\CortexM3\ARM_GCC_493\Debug\Design01.a(CySpc.o)
 .debug_frame   0x000015f0       0x20 c:/program files (x86)/cypress/psoc creator/4.0/psoc creator/import/gnu/arm/4.9.3/bin/../lib/gcc/arm-none-eabi/4.9.3/../../../../arm-none-eabi/lib/armv7-m\libg_nano.a(lib_a-errno.o)
 .debug_frame   0x00001610       0x28 c:/program files (x86)/cypress/psoc creator/4.0/psoc creator/import/gnu/arm/4.9.3/bin/../lib/gcc/arm-none-eabi/4.9.3/../../../../arm-none-eabi/lib/armv7-m\libg_nano.a(lib_a-exit.o)
 .debug_frame   0x00001638       0x2c c:/program files (x86)/cypress/psoc creator/4.0/psoc creator/import/gnu/arm/4.9.3/bin/../lib/gcc/arm-none-eabi/4.9.3/../../../../arm-none-eabi/lib/armv7-m\libg_nano.a(lib_a-init.o)
 .debug_frame   0x00001664       0x28 c:/program files (x86)/cypress/psoc creator/4.0/psoc creator/import/gnu/arm/4.9.3/bin/../lib/gcc/arm-none-eabi/4.9.3/../../../../arm-none-eabi/lib/armv7-m\libg_nano.a(lib_a-memcpy.o)
 .debug_frame   0x0000168c       0x20 c:/program files (x86)/cypress/psoc creator/4.0/psoc creator/import/gnu/arm/4.9.3/bin/../lib/gcc/arm-none-eabi/4.9.3/../../../../arm-none-eabi/lib/armv7-m\libg_nano.a(lib_a-memset.o)
 .debug_frame   0x000016ac       0x70 c:/program files (x86)/cypress/psoc creator/4.0/psoc creator/import/gnu/arm/4.9.3/bin/../lib/gcc/arm-none-eabi/4.9.3/../../../../arm-none-eabi/lib/armv7-m\libg_nano.a(lib_a-sprintf.o)
 .debug_frame   0x0000171c       0x20 c:/program files (x86)/cypress/psoc creator/4.0/psoc creator/import/gnu/arm/4.9.3/bin/../lib/gcc/arm-none-eabi/4.9.3/../../../../arm-none-eabi/lib/armv7-m\libg_nano.a(lib_a-strlen.o)
 .debug_frame   0x0000173c       0x2c c:/program files (x86)/cypress/psoc creator/4.0/psoc creator/import/gnu/arm/4.9.3/bin/../lib/gcc/arm-none-eabi/4.9.3/../../../../arm-none-eabi/lib/armv7-m\libg_nano.a(lib_a-strncmp.o)
 .debug_frame   0x00001768       0x8c c:/program files (x86)/cypress/psoc creator/4.0/psoc creator/import/gnu/arm/4.9.3/bin/../lib/gcc/arm-none-eabi/4.9.3/../../../../arm-none-eabi/lib/armv7-m\libg_nano.a(lib_a-nano-svfprintf.o)
 .debug_frame   0x000017f4       0x58 c:/program files (x86)/cypress/psoc creator/4.0/psoc creator/import/gnu/arm/4.9.3/bin/../lib/gcc/arm-none-eabi/4.9.3/../../../../arm-none-eabi/lib/armv7-m\libg_nano.a(lib_a-nano-vfprintf_i.o)
 .debug_frame   0x0000184c       0x28 c:/program files (x86)/cypress/psoc creator/4.0/psoc creator/import/gnu/arm/4.9.3/bin/../lib/gcc/arm-none-eabi/4.9.3/../../../../arm-none-eabi/lib/armv7-m\libg_nano.a(lib_a-memchr.o)
 .debug_frame   0x00001874       0x28 c:/program files (x86)/cypress/psoc creator/4.0/psoc creator/import/gnu/arm/4.9.3/bin/../lib/gcc/arm-none-eabi/4.9.3/../../../../arm-none-eabi/lib/armv7-m\libg_nano.a(lib_a-memmove.o)
 .debug_frame   0x0000189c       0x2c c:/program files (x86)/cypress/psoc creator/4.0/psoc creator/import/gnu/arm/4.9.3/bin/../lib/gcc/arm-none-eabi/4.9.3/../../../../arm-none-eabi/lib/armv7-m\libg_nano.a(lib_a-nano-freer.o)
 .debug_frame   0x000018c8       0x2c c:/program files (x86)/cypress/psoc creator/4.0/psoc creator/import/gnu/arm/4.9.3/bin/../lib/gcc/arm-none-eabi/4.9.3/../../../../arm-none-eabi/lib/armv7-m\libg_nano.a(lib_a-nano-mallocr.o)
 .debug_frame   0x000018f4       0x3c c:/program files (x86)/cypress/psoc creator/4.0/psoc creator/import/gnu/arm/4.9.3/bin/../lib/gcc/arm-none-eabi/4.9.3/../../../../arm-none-eabi/lib/armv7-m\libg_nano.a(lib_a-nano-reallocr.o)
 .debug_frame   0x00001930       0x2c c:/program files (x86)/cypress/psoc creator/4.0/psoc creator/import/gnu/arm/4.9.3/bin/../lib/gcc/arm-none-eabi/4.9.3/../../../../arm-none-eabi/lib/armv7-m\libg_nano.a(lib_a-sbrkr.o)
 .debug_frame   0x0000195c       0x20 c:/program files (x86)/cypress/psoc creator/4.0/psoc creator/import/gnu/arm/4.9.3/bin/../lib/gcc/arm-none-eabi/4.9.3/../../../../arm-none-eabi/lib/armv7-m\libg_nano.a(lib_a-nano-msizer.o)
 .debug_frame   0x0000197c       0x5c c:/program files (x86)/cypress/psoc creator/4.0/psoc creator/import/gnu/arm/4.9.3/bin/../lib/gcc/arm-none-eabi/4.9.3/../../../../arm-none-eabi/lib/armv7-m\libg_nano.a(lib_a-reent.o)

.debug_str      0x00000000     0x1fb2
 *(.debug_str)
 .debug_str     0x00000000      0x1de .\CortexM3\ARM_GCC_493\Debug\main.o
                                0x237 (size before relaxing)
 .debug_str     0x000001de      0x235 .\CortexM3\ARM_GCC_493\Debug\ESP8266.o
                                0x43b (size before relaxing)
 .debug_str     0x00000413       0x75 .\CortexM3\ARM_GCC_493\Debug\cymetadata.o
                                0x1e9 (size before relaxing)
 .debug_str     0x00000488      0x156 .\CortexM3\ARM_GCC_493\Debug\Cm3Start.o
                                0x2fd (size before relaxing)
 .debug_str     0x000005de      0x154 .\CortexM3\ARM_GCC_493\Debug\Design01.a(cyfitter_cfg.o)
                                0x302 (size before relaxing)
 .debug_str     0x00000732      0x84c .\CortexM3\ARM_GCC_493\Debug\Design01.a(CyLib.o)
                                0xa3a (size before relaxing)
 .debug_str     0x00000f7e      0x359 .\CortexM3\ARM_GCC_493\Debug\Design01.a(cyPm.o)
                                0x71a (size before relaxing)
 .debug_str     0x000012d7      0x19a .\CortexM3\ARM_GCC_493\Debug\Design01.a(LOG.o)
                                0x37c (size before relaxing)
 .debug_str     0x00001471      0x179 .\CortexM3\ARM_GCC_493\Debug\Design01.a(LOG_IntClock.o)
                                0x329 (size before relaxing)
 .debug_str     0x000015ea      0x3eb .\CortexM3\ARM_GCC_493\Debug\Design01.a(WIFIdev_Channel.o)
                                0x6db (size before relaxing)
 .debug_str     0x000019d5       0x69 .\CortexM3\ARM_GCC_493\Debug\Design01.a(WIFIdev_Channel_INT.o)
                                0x296 (size before relaxing)
 .debug_str     0x00001a3e      0x1a6 .\CortexM3\ARM_GCC_493\Debug\Design01.a(WIFIdev_Channel_IntClock.o)
                                0x3b9 (size before relaxing)
 .debug_str     0x00001be4      0x18d .\CortexM3\ARM_GCC_493\Debug\Design01.a(WIFIdev_Channel_RxISR.o)
                                0x407 (size before relaxing)
 .debug_str     0x00001d71      0x195 .\CortexM3\ARM_GCC_493\Debug\Design01.a(CyFlash.o)
                                0x394 (size before relaxing)
 .debug_str     0x00001f06       0xac .\CortexM3\ARM_GCC_493\Debug\Design01.a(CySpc.o)
                                0x31d (size before relaxing)

.debug_loc      0x00000000     0x23fb
 *(.debug_loc)
 .debug_loc     0x00000000       0x6e .\CortexM3\ARM_GCC_493\Debug\main.o
 .debug_loc     0x0000006e      0x2fc .\CortexM3\ARM_GCC_493\Debug\ESP8266.o
 .debug_loc     0x0000036a      0x144 .\CortexM3\ARM_GCC_493\Debug\Cm3Start.o
 .debug_loc     0x000004ae      0x1d7 .\CortexM3\ARM_GCC_493\Debug\Design01.a(cyfitter_cfg.o)
 .debug_loc     0x00000685      0xa11 .\CortexM3\ARM_GCC_493\Debug\Design01.a(CyLib.o)
 .debug_loc     0x00001096      0x1e4 .\CortexM3\ARM_GCC_493\Debug\Design01.a(cyPm.o)
 .debug_loc     0x0000127a      0x1f7 .\CortexM3\ARM_GCC_493\Debug\Design01.a(LOG.o)
 .debug_loc     0x00001471      0x12c .\CortexM3\ARM_GCC_493\Debug\Design01.a(LOG_IntClock.o)
 .debug_loc     0x0000159d      0x34e .\CortexM3\ARM_GCC_493\Debug\Design01.a(WIFIdev_Channel.o)
 .debug_loc     0x000018eb       0x45 .\CortexM3\ARM_GCC_493\Debug\Design01.a(WIFIdev_Channel_INT.o)
 .debug_loc     0x00001930      0x128 .\CortexM3\ARM_GCC_493\Debug\Design01.a(WIFIdev_Channel_IntClock.o)
 .debug_loc     0x00001a58       0x56 .\CortexM3\ARM_GCC_493\Debug\Design01.a(WIFIdev_Channel_RxISR.o)
 .debug_loc     0x00001aae      0x300 .\CortexM3\ARM_GCC_493\Debug\Design01.a(CyFlash.o)
 .debug_loc     0x00001dae      0x64d .\CortexM3\ARM_GCC_493\Debug\Design01.a(CySpc.o)

.debug_macinfo
 *(.debug_macinfo)

.debug_ranges   0x00000000      0x770
 *(.debug_ranges)
 .debug_ranges  0x00000000       0x10 .\CortexM3\ARM_GCC_493\Debug\main.o
 .debug_ranges  0x00000010       0x40 .\CortexM3\ARM_GCC_493\Debug\ESP8266.o
 .debug_ranges  0x00000050       0x38 .\CortexM3\ARM_GCC_493\Debug\Cm3Start.o
 .debug_ranges  0x00000088       0x48 .\CortexM3\ARM_GCC_493\Debug\Design01.a(cyfitter_cfg.o)
 .debug_ranges  0x000000d0      0x290 .\CortexM3\ARM_GCC_493\Debug\Design01.a(CyLib.o)
 .debug_ranges  0x00000360       0x88 .\CortexM3\ARM_GCC_493\Debug\Design01.a(cyPm.o)
 .debug_ranges  0x000003e8       0x90 .\CortexM3\ARM_GCC_493\Debug\Design01.a(LOG.o)
 .debug_ranges  0x00000478       0x60 .\CortexM3\ARM_GCC_493\Debug\Design01.a(LOG_IntClock.o)
 .debug_ranges  0x000004d8       0xe0 .\CortexM3\ARM_GCC_493\Debug\Design01.a(WIFIdev_Channel.o)
 .debug_ranges  0x000005b8       0x10 .\CortexM3\ARM_GCC_493\Debug\Design01.a(WIFIdev_Channel_INT.o)
 .debug_ranges  0x000005c8       0x60 .\CortexM3\ARM_GCC_493\Debug\Design01.a(WIFIdev_Channel_IntClock.o)
 .debug_ranges  0x00000628       0x70 .\CortexM3\ARM_GCC_493\Debug\Design01.a(WIFIdev_Channel_RxISR.o)
 .debug_ranges  0x00000698       0x70 .\CortexM3\ARM_GCC_493\Debug\Design01.a(CyFlash.o)
 .debug_ranges  0x00000708       0x68 .\CortexM3\ARM_GCC_493\Debug\Design01.a(CySpc.o)

.comment        0x00000000       0x70
 .comment       0x00000000       0x70 .\CortexM3\ARM_GCC_493\Debug\main.o
                                 0x71 (size before relaxing)
 .comment       0x00000000       0x71 .\CortexM3\ARM_GCC_493\Debug\ESP8266.o
 .comment       0x00000000       0x71 .\CortexM3\ARM_GCC_493\Debug\cymetadata.o
 .comment       0x00000000       0x71 .\CortexM3\ARM_GCC_493\Debug\Cm3Start.o
 .comment       0x00000000       0x71 .\CortexM3\ARM_GCC_493\Debug\Design01.a(cyfitter_cfg.o)
 .comment       0x00000000       0x71 .\CortexM3\ARM_GCC_493\Debug\Design01.a(CyLib.o)
 .comment       0x00000000       0x71 .\CortexM3\ARM_GCC_493\Debug\Design01.a(cyPm.o)
 .comment       0x00000000       0x71 .\CortexM3\ARM_GCC_493\Debug\Design01.a(LOG.o)
 .comment       0x00000000       0x71 .\CortexM3\ARM_GCC_493\Debug\Design01.a(LOG_IntClock.o)
 .comment       0x00000000       0x71 .\CortexM3\ARM_GCC_493\Debug\Design01.a(WIFIdev_Channel.o)
 .comment       0x00000000       0x71 .\CortexM3\ARM_GCC_493\Debug\Design01.a(WIFIdev_Channel_INT.o)
 .comment       0x00000000       0x71 .\CortexM3\ARM_GCC_493\Debug\Design01.a(WIFIdev_Channel_IntClock.o)
 .comment       0x00000000       0x71 .\CortexM3\ARM_GCC_493\Debug\Design01.a(WIFIdev_Channel_RxISR.o)
 .comment       0x00000000       0x71 .\CortexM3\ARM_GCC_493\Debug\Design01.a(CyFlash.o)
 .comment       0x00000000       0x71 .\CortexM3\ARM_GCC_493\Debug\Design01.a(CySpc.o)

.debug_weaknames
 *(.debug_weaknames)

.debug_funcnames
 *(.debug_funcnames)

.debug_typenames
 *(.debug_typenames)

.debug_varnames
 *(.debug_varnames)

.note.gnu.arm.ident
 *(.note.gnu.arm.ident)

.ARM.attributes
                0x00000000       0x29
 *(.ARM.attributes)
 .ARM.attributes
                0x00000000       0x1d c:/program files (x86)/cypress/psoc creator/4.0/psoc creator/import/gnu/arm/4.9.3/bin/../lib/gcc/arm-none-eabi/4.9.3/armv7-m/crti.o
 .ARM.attributes
                0x0000001d       0x2d c:/program files (x86)/cypress/psoc creator/4.0/psoc creator/import/gnu/arm/4.9.3/bin/../lib/gcc/arm-none-eabi/4.9.3/armv7-m/crtbegin.o
 .ARM.attributes
                0x0000004a       0x1b c:/program files (x86)/cypress/psoc creator/4.0/psoc creator/import/gnu/arm/4.9.3/bin/../lib/gcc/arm-none-eabi/4.9.3/../../../../arm-none-eabi/lib/armv7-m/crt0.o
 .ARM.attributes
                0x00000065       0x33 .\CortexM3\ARM_GCC_493\Debug\main.o
 .ARM.attributes
                0x00000098       0x33 .\CortexM3\ARM_GCC_493\Debug\ESP8266.o
 .ARM.attributes
                0x000000cb       0x33 .\CortexM3\ARM_GCC_493\Debug\cymetadata.o
 .ARM.attributes
                0x000000fe       0x33 .\CortexM3\ARM_GCC_493\Debug\Cm3Start.o
 .ARM.attributes
                0x00000131       0x33 .\CortexM3\ARM_GCC_493\Debug\Design01.a(cyfitter_cfg.o)
 .ARM.attributes
                0x00000164       0x33 .\CortexM3\ARM_GCC_493\Debug\Design01.a(CyLib.o)
 .ARM.attributes
                0x00000197       0x33 .\CortexM3\ARM_GCC_493\Debug\Design01.a(cyPm.o)
 .ARM.attributes
                0x000001ca       0x33 .\CortexM3\ARM_GCC_493\Debug\Design01.a(LOG.o)
 .ARM.attributes
                0x000001fd       0x33 .\CortexM3\ARM_GCC_493\Debug\Design01.a(LOG_IntClock.o)
 .ARM.attributes
                0x00000230       0x33 .\CortexM3\ARM_GCC_493\Debug\Design01.a(WIFIdev_Channel.o)
 .ARM.attributes
                0x00000263       0x33 .\CortexM3\ARM_GCC_493\Debug\Design01.a(WIFIdev_Channel_INT.o)
 .ARM.attributes
                0x00000296       0x33 .\CortexM3\ARM_GCC_493\Debug\Design01.a(WIFIdev_Channel_IntClock.o)
 .ARM.attributes
                0x000002c9       0x33 .\CortexM3\ARM_GCC_493\Debug\Design01.a(WIFIdev_Channel_RxISR.o)
 .ARM.attributes
                0x000002fc       0x21 .\CortexM3\ARM_GCC_493\Debug\Design01.a(CyBootAsmGnu.o)
 .ARM.attributes
                0x0000031d       0x33 .\CortexM3\ARM_GCC_493\Debug\Design01.a(CyFlash.o)
 .ARM.attributes
                0x00000350       0x33 .\CortexM3\ARM_GCC_493\Debug\Design01.a(CySpc.o)
 .ARM.attributes
                0x00000383       0x2d c:/program files (x86)/cypress/psoc creator/4.0/psoc creator/import/gnu/arm/4.9.3/bin/../lib/gcc/arm-none-eabi/4.9.3/../../../../arm-none-eabi/lib/armv7-m\libg_nano.a(lib_a-errno.o)
 .ARM.attributes
                0x000003b0       0x2d c:/program files (x86)/cypress/psoc creator/4.0/psoc creator/import/gnu/arm/4.9.3/bin/../lib/gcc/arm-none-eabi/4.9.3/../../../../arm-none-eabi/lib/armv7-m\libg_nano.a(lib_a-exit.o)
 .ARM.attributes
                0x000003dd       0x2d c:/program files (x86)/cypress/psoc creator/4.0/psoc creator/import/gnu/arm/4.9.3/bin/../lib/gcc/arm-none-eabi/4.9.3/../../../../arm-none-eabi/lib/armv7-m\libg_nano.a(lib_a-impure.o)
 .ARM.attributes
                0x0000040a       0x2d c:/program files (x86)/cypress/psoc creator/4.0/psoc creator/import/gnu/arm/4.9.3/bin/../lib/gcc/arm-none-eabi/4.9.3/../../../../arm-none-eabi/lib/armv7-m\libg_nano.a(lib_a-init.o)
 .ARM.attributes
                0x00000437       0x2d c:/program files (x86)/cypress/psoc creator/4.0/psoc creator/import/gnu/arm/4.9.3/bin/../lib/gcc/arm-none-eabi/4.9.3/../../../../arm-none-eabi/lib/armv7-m\libg_nano.a(lib_a-memcpy.o)
 .ARM.attributes
                0x00000464       0x2d c:/program files (x86)/cypress/psoc creator/4.0/psoc creator/import/gnu/arm/4.9.3/bin/../lib/gcc/arm-none-eabi/4.9.3/../../../../arm-none-eabi/lib/armv7-m\libg_nano.a(lib_a-memset.o)
 .ARM.attributes
                0x00000491       0x2d c:/program files (x86)/cypress/psoc creator/4.0/psoc creator/import/gnu/arm/4.9.3/bin/../lib/gcc/arm-none-eabi/4.9.3/../../../../arm-none-eabi/lib/armv7-m\libg_nano.a(lib_a-sprintf.o)
 .ARM.attributes
                0x000004be       0x2d c:/program files (x86)/cypress/psoc creator/4.0/psoc creator/import/gnu/arm/4.9.3/bin/../lib/gcc/arm-none-eabi/4.9.3/../../../../arm-none-eabi/lib/armv7-m\libg_nano.a(lib_a-strlen.o)
 .ARM.attributes
                0x000004eb       0x2d c:/program files (x86)/cypress/psoc creator/4.0/psoc creator/import/gnu/arm/4.9.3/bin/../lib/gcc/arm-none-eabi/4.9.3/../../../../arm-none-eabi/lib/armv7-m\libg_nano.a(lib_a-strncmp.o)
 .ARM.attributes
                0x00000518       0x2d c:/program files (x86)/cypress/psoc creator/4.0/psoc creator/import/gnu/arm/4.9.3/bin/../lib/gcc/arm-none-eabi/4.9.3/../../../../arm-none-eabi/lib/armv7-m\libg_nano.a(lib_a-nano-svfprintf.o)
 .ARM.attributes
                0x00000545       0x2d c:/program files (x86)/cypress/psoc creator/4.0/psoc creator/import/gnu/arm/4.9.3/bin/../lib/gcc/arm-none-eabi/4.9.3/../../../../arm-none-eabi/lib/armv7-m\libg_nano.a(lib_a-nano-vfprintf_i.o)
 .ARM.attributes
                0x00000572       0x2d c:/program files (x86)/cypress/psoc creator/4.0/psoc creator/import/gnu/arm/4.9.3/bin/../lib/gcc/arm-none-eabi/4.9.3/../../../../arm-none-eabi/lib/armv7-m\libg_nano.a(lib_a-memchr.o)
 .ARM.attributes
                0x0000059f       0x2d c:/program files (x86)/cypress/psoc creator/4.0/psoc creator/import/gnu/arm/4.9.3/bin/../lib/gcc/arm-none-eabi/4.9.3/../../../../arm-none-eabi/lib/armv7-m\libg_nano.a(lib_a-memmove.o)
 .ARM.attributes
                0x000005cc       0x2d c:/program files (x86)/cypress/psoc creator/4.0/psoc creator/import/gnu/arm/4.9.3/bin/../lib/gcc/arm-none-eabi/4.9.3/../../../../arm-none-eabi/lib/armv7-m\libg_nano.a(lib_a-nano-freer.o)
 .ARM.attributes
                0x000005f9       0x2d c:/program files (x86)/cypress/psoc creator/4.0/psoc creator/import/gnu/arm/4.9.3/bin/../lib/gcc/arm-none-eabi/4.9.3/../../../../arm-none-eabi/lib/armv7-m\libg_nano.a(lib_a-nano-mallocr.o)
 .ARM.attributes
                0x00000626       0x2d c:/program files (x86)/cypress/psoc creator/4.0/psoc creator/import/gnu/arm/4.9.3/bin/../lib/gcc/arm-none-eabi/4.9.3/../../../../arm-none-eabi/lib/armv7-m\libg_nano.a(lib_a-nano-reallocr.o)
 .ARM.attributes
                0x00000653       0x2d c:/program files (x86)/cypress/psoc creator/4.0/psoc creator/import/gnu/arm/4.9.3/bin/../lib/gcc/arm-none-eabi/4.9.3/../../../../arm-none-eabi/lib/armv7-m\libg_nano.a(lib_a-sbrkr.o)
 .ARM.attributes
                0x00000680       0x2d c:/program files (x86)/cypress/psoc creator/4.0/psoc creator/import/gnu/arm/4.9.3/bin/../lib/gcc/arm-none-eabi/4.9.3/../../../../arm-none-eabi/lib/armv7-m\libg_nano.a(lib_a-nano-msizer.o)
 .ARM.attributes
                0x000006ad       0x2d c:/program files (x86)/cypress/psoc creator/4.0/psoc creator/import/gnu/arm/4.9.3/bin/../lib/gcc/arm-none-eabi/4.9.3/../../../../arm-none-eabi/lib/armv7-m\libg_nano.a(lib_a-reent.o)
 .ARM.attributes
                0x000006da       0x2d c:/program files (x86)/cypress/psoc creator/4.0/psoc creator/import/gnu/arm/4.9.3/bin/../lib/gcc/arm-none-eabi/4.9.3/armv7-m/crtend.o
 .ARM.attributes
                0x00000707       0x1d c:/program files (x86)/cypress/psoc creator/4.0/psoc creator/import/gnu/arm/4.9.3/bin/../lib/gcc/arm-none-eabi/4.9.3/armv7-m/crtn.o

/DISCARD/
 *(.note.GNU-stack)
OUTPUT(.\CortexM3\ARM_GCC_493\Debug\Design01.elf elf32-littlearm)
